[2026-09-10 19:19:43] watchdog started; log=/data01/wyy/Graph-Agent-Planning/verl/logs/DAPO-GAP3B-MHQA-Agent-E10-step60to70-4gpu.log; baseline stackdumps=292
[2026-09-10 19:19:43] pre_stall=480s post_stall=2700s interval=15s
[2026-09-10 19:25:58] watchdog started; log=/data01/wyy/Graph-Agent-Planning/verl/logs/DAPO-GAP3B-MHQA-Agent-E10-step60to70-4gpu.log; baseline stackdumps=340
[2026-09-10 19:25:58] pre_stall=480s post_stall=2700s interval=15s
[2026-09-10 19:29:58] watchdog: armed (resume line seen)
[2026-09-10 19:39:13] STALL #1: log quiet 492s (threshold 480s), phase=pre; signalling 82 pids with SIGUSR1
[2026-09-10 19:39:13]   SIGUSR1 -> pid 2490007 (stackdump_pid2490007.txt)
[2026-09-10 19:39:13]   SIGUSR1 -> pid 2490008 (stackdump_pid2490008.txt)
[2026-09-10 19:39:13]   SIGUSR1 -> pid 2490415 (stackdump_pid2490415.txt)
[2026-09-10 19:39:13]   SIGUSR1 -> pid 2490423 (stackdump_pid2490423.txt)
[2026-09-10 19:39:13]   SIGUSR1 -> pid 2490693 (stackdump_pid2490693.txt)
[2026-09-10 19:39:13]   SIGUSR1 -> pid 2490733 (stackdump_pid2490733.txt)
[2026-09-10 19:39:13]   SIGUSR1 -> pid 2490737 (stackdump_pid2490737.txt)
[2026-09-10 19:39:13]   SIGUSR1 -> pid 2490777 (stackdump_pid2490777.txt)
[2026-09-10 19:39:13]   SIGUSR1 -> pid 2490778 (stackdump_pid2490778.txt)
[2026-09-10 19:39:13]   SIGUSR1 -> pid 2490779 (stackdump_pid2490779.txt)
[2026-09-10 19:39:13]   SIGUSR1 -> pid 2490780 (stackdump_pid2490780.txt)
[2026-09-10 19:39:13]   SIGUSR1 -> pid 2490781 (stackdump_pid2490781.txt)
[2026-09-10 19:39:13]   SIGUSR1 -> pid 2490783 (stackdump_pid2490783.txt)
[2026-09-10 19:39:13]   SIGUSR1 -> pid 2490784 (stackdump_pid2490784.txt)
[2026-09-10 19:39:13]   SIGUSR1 -> pid 2490785 (stackdump_pid2490785.txt)
[2026-09-10 19:39:13]   SIGUSR1 -> pid 2490788 (stackdump_pid2490788.txt)
[2026-09-10 19:39:13]   SIGUSR1 -> pid 2490789 (stackdump_pid2490789.txt)
[2026-09-10 19:39:13]   SIGUSR1 -> pid 2492254 (stackdump_pid2492254.txt)
[2026-09-10 19:39:13]   SIGUSR1 -> pid 2492323 (stackdump_pid2492323.txt)
[2026-09-10 19:39:13]   SIGUSR1 -> pid 2492421 (stackdump_pid2492421.txt)
[2026-09-10 19:39:13]   SIGUSR1 -> pid 2492445 (stackdump_pid2492445.txt)
[2026-09-10 19:39:13]   SIGUSR1 -> pid 2492672 (stackdump_pid2492672.txt)
[2026-09-10 19:39:13]   SIGUSR1 -> pid 2492678 (stackdump_pid2492678.txt)
[2026-09-10 19:39:13]   SIGUSR1 -> pid 2492688 (stackdump_pid2492688.txt)
[2026-09-10 19:39:13]   SIGUSR1 -> pid 2492690 (stackdump_pid2492690.txt)
[2026-09-10 19:39:13]   SIGUSR1 -> pid 2492819 (stackdump_pid2492819.txt)
[2026-09-10 19:39:13]   SIGUSR1 -> pid 2492821 (stackdump_pid2492821.txt)
[2026-09-10 19:39:13]   SIGUSR1 -> pid 2492895 (stackdump_pid2492895.txt)
[2026-09-10 19:39:13]   SIGUSR1 -> pid 2492964 (stackdump_pid2492964.txt)
[2026-09-10 19:39:13]   SIGUSR1 -> pid 2493252 (stackdump_pid2493252.txt)
[2026-09-10 19:39:13]   SIGUSR1 -> pid 2494707 (stackdump_pid2494707.txt)
[2026-09-10 19:39:13]   SIGUSR1 -> pid 2495678 (stackdump_pid2495678.txt)
[2026-09-10 19:39:13]   SIGUSR1 -> pid 2496821 (stackdump_pid2496821.txt)
[2026-09-10 19:39:13]   SIGUSR1 -> pid 2497273 (stackdump_pid2497273.txt)
[2026-09-10 19:39:13]   SIGUSR1 -> pid 2497419 (stackdump_pid2497419.txt)
[2026-09-10 19:39:13]   SIGUSR1 -> pid 2497698 (stackdump_pid2497698.txt)
[2026-09-10 19:39:13]   SIGUSR1 -> pid 2497914 (stackdump_pid2497914.txt)
[2026-09-10 19:39:13]   SIGUSR1 -> pid 2498118 (stackdump_pid2498118.txt)
[2026-09-10 19:39:13]   SIGUSR1 -> pid 2498403 (stackdump_pid2498403.txt)
[2026-09-10 19:39:13]   SIGUSR1 -> pid 2498612 (stackdump_pid2498612.txt)
[2026-09-10 19:39:13]   SIGUSR1 -> pid 2498763 (stackdump_pid2498763.txt)
[2026-09-10 19:39:14]   SIGUSR1 -> pid 2499131 (stackdump_pid2499131.txt)
[2026-09-10 19:39:14]   SIGUSR1 -> pid 2499343 (stackdump_pid2499343.txt)
[2026-09-10 19:39:14]   SIGUSR1 -> pid 2499344 (stackdump_pid2499344.txt)
[2026-09-10 19:39:14]   SIGUSR1 -> pid 2499345 (stackdump_pid2499345.txt)
[2026-09-10 19:39:14]   SIGUSR1 -> pid 2499671 (stackdump_pid2499671.txt)
[2026-09-10 19:39:14]   SIGUSR1 -> pid 2499672 (stackdump_pid2499672.txt)
[2026-09-10 19:39:14]   SIGUSR1 -> pid 2499801 (stackdump_pid2499801.txt)
[2026-09-10 19:39:14]   SIGUSR1 -> pid 2500249 (stackdump_pid2500249.txt)
[2026-09-10 19:39:14]   SIGUSR1 -> pid 2500251 (stackdump_pid2500251.txt)
[2026-09-10 19:39:14]   SIGUSR1 -> pid 2500414 (stackdump_pid2500414.txt)
[2026-09-10 19:39:14]   SIGUSR1 -> pid 2502448 (stackdump_pid2502448.txt)
[2026-09-10 19:39:14]   SIGUSR1 -> pid 2502472 (stackdump_pid2502472.txt)
[2026-09-10 19:39:14]   SIGUSR1 -> pid 2502473 (stackdump_pid2502473.txt)
[2026-09-10 19:39:14]   SIGUSR1 -> pid 2502474 (stackdump_pid2502474.txt)
[2026-09-10 19:39:14]   SIGUSR1 -> pid 2502481 (stackdump_pid2502481.txt)
[2026-09-10 19:39:14]   SIGUSR1 -> pid 2502482 (stackdump_pid2502482.txt)
[2026-09-10 19:39:14]   SIGUSR1 -> pid 2502483 (stackdump_pid2502483.txt)
[2026-09-10 19:39:14]   SIGUSR1 -> pid 2502484 (stackdump_pid2502484.txt)
[2026-09-10 19:39:14]   SIGUSR1 -> pid 2502485 (stackdump_pid2502485.txt)
[2026-09-10 19:39:14]   SIGUSR1 -> pid 2502486 (stackdump_pid2502486.txt)
[2026-09-10 19:39:14]   SIGUSR1 -> pid 2502487 (stackdump_pid2502487.txt)
[2026-09-10 19:39:14]   SIGUSR1 -> pid 2502488 (stackdump_pid2502488.txt)
[2026-09-10 19:39:14]   SIGUSR1 -> pid 2502966 (stackdump_pid2502966.txt)
[2026-09-10 19:39:14]   SIGUSR1 -> pid 2503038 (stackdump_pid2503038.txt)
[2026-09-10 19:39:14]   SIGUSR1 -> pid 2503040 (stackdump_pid2503040.txt)
[2026-09-10 19:39:14]   SIGUSR1 -> pid 2503042 (stackdump_pid2503042.txt)
[2026-09-10 19:39:14]   SIGUSR1 -> pid 2503044 (stackdump_pid2503044.txt)
[2026-09-10 19:39:14]   SIGUSR1 -> pid 2503046 (stackdump_pid2503046.txt)
[2026-09-10 19:39:14]   SIGUSR1 -> pid 2503048 (stackdump_pid2503048.txt)
[2026-09-10 19:39:14]   SIGUSR1 -> pid 2503050 (stackdump_pid2503050.txt)
[2026-09-10 19:39:14]   SIGUSR1 -> pid 2503052 (stackdump_pid2503052.txt)
[2026-09-10 19:39:14]   SIGUSR1 -> pid 2503054 (stackdump_pid2503054.txt)
[2026-09-10 19:39:14]   SIGUSR1 -> pid 2503056 (stackdump_pid2503056.txt)
[2026-09-10 19:39:14]   SIGUSR1 -> pid 2503256 (stackdump_pid2503256.txt)
[2026-09-10 19:39:14]   SIGUSR1 -> pid 2503901 (stackdump_pid2503901.txt)
[2026-09-10 19:39:14]   SIGUSR1 -> pid 2504241 (stackdump_pid2504241.txt)
[2026-09-10 19:39:14]   SIGUSR1 -> pid 2504330 (stackdump_pid2504330.txt)
[2026-09-10 19:39:14]   SIGUSR1 -> pid 2504333 (stackdump_pid2504333.txt)
[2026-09-10 19:39:14]   SIGUSR1 -> pid 2504398 (stackdump_pid2504398.txt)
[2026-09-10 19:39:14]   SIGUSR1 -> pid 2505990 (stackdump_pid2505990.txt)
[2026-09-10 19:39:14]   SIGUSR1 -> pid 2506547 (stackdump_pid2506547.txt)
[2026-09-10 19:39:14]   GPU snapshot: 0, 0 %, 54330 MiB
1, 0 %, 53862 MiB
2, 0 %, 54150 MiB
3, 0 %, 54110 MiB
[2026-09-10 19:39:14]   ps snapshot -> /data01/wyy/Graph-Agent-Planning/E1-0/runs/20260910_step60to70_e10/logs/stackdumps/ps_at_stall_1.txt
[2026-09-10 19:40:14] STALL #2: log quiet 552s (threshold 480s), phase=pre; signalling 82 pids with SIGUSR1
[2026-09-10 19:40:14]   SIGUSR1 -> pid 2490007 (stackdump_pid2490007.txt)
[2026-09-10 19:40:14]   SIGUSR1 -> pid 2490008 (stackdump_pid2490008.txt)
[2026-09-10 19:40:14]   SIGUSR1 -> pid 2490415 (stackdump_pid2490415.txt)
[2026-09-10 19:40:14]   SIGUSR1 -> pid 2490423 (stackdump_pid2490423.txt)
[2026-09-10 19:40:14]   SIGUSR1 -> pid 2490693 (stackdump_pid2490693.txt)
[2026-09-10 19:40:14]   SIGUSR1 -> pid 2490733 (stackdump_pid2490733.txt)
[2026-09-10 19:40:14]   SIGUSR1 -> pid 2490737 (stackdump_pid2490737.txt)
[2026-09-10 19:40:14]   SIGUSR1 -> pid 2490777 (stackdump_pid2490777.txt)
[2026-09-10 19:40:14]   SIGUSR1 -> pid 2490778 (stackdump_pid2490778.txt)
[2026-09-10 19:40:14]   SIGUSR1 -> pid 2490779 (stackdump_pid2490779.txt)
[2026-09-10 19:40:14]   SIGUSR1 -> pid 2490780 (stackdump_pid2490780.txt)
[2026-09-10 19:40:14]   SIGUSR1 -> pid 2490781 (stackdump_pid2490781.txt)
[2026-09-10 19:40:14]   SIGUSR1 -> pid 2490783 (stackdump_pid2490783.txt)
[2026-09-10 19:40:14]   SIGUSR1 -> pid 2490784 (stackdump_pid2490784.txt)
[2026-09-10 19:40:14]   SIGUSR1 -> pid 2490785 (stackdump_pid2490785.txt)
[2026-09-10 19:40:14]   SIGUSR1 -> pid 2490788 (stackdump_pid2490788.txt)
[2026-09-10 19:40:14]   SIGUSR1 -> pid 2490789 (stackdump_pid2490789.txt)
[2026-09-10 19:40:14]   SIGUSR1 -> pid 2492254 (stackdump_pid2492254.txt)
[2026-09-10 19:40:14]   SIGUSR1 -> pid 2492323 (stackdump_pid2492323.txt)
[2026-09-10 19:40:14]   SIGUSR1 -> pid 2492421 (stackdump_pid2492421.txt)
[2026-09-10 19:40:14]   SIGUSR1 -> pid 2492445 (stackdump_pid2492445.txt)
[2026-09-10 19:40:14]   SIGUSR1 -> pid 2492672 (stackdump_pid2492672.txt)
[2026-09-10 19:40:14]   SIGUSR1 -> pid 2492678 (stackdump_pid2492678.txt)
[2026-09-10 19:40:14]   SIGUSR1 -> pid 2492688 (stackdump_pid2492688.txt)
[2026-09-10 19:40:14]   SIGUSR1 -> pid 2492690 (stackdump_pid2492690.txt)
[2026-09-10 19:40:14]   SIGUSR1 -> pid 2492819 (stackdump_pid2492819.txt)
[2026-09-10 19:40:14]   SIGUSR1 -> pid 2492821 (stackdump_pid2492821.txt)
[2026-09-10 19:40:14]   SIGUSR1 -> pid 2492895 (stackdump_pid2492895.txt)
[2026-09-10 19:40:14]   SIGUSR1 -> pid 2492964 (stackdump_pid2492964.txt)
[2026-09-10 19:40:14]   SIGUSR1 -> pid 2493252 (stackdump_pid2493252.txt)
[2026-09-10 19:40:14]   SIGUSR1 -> pid 2494707 (stackdump_pid2494707.txt)
[2026-09-10 19:40:14]   SIGUSR1 -> pid 2495678 (stackdump_pid2495678.txt)
[2026-09-10 19:40:14]   SIGUSR1 -> pid 2496821 (stackdump_pid2496821.txt)
[2026-09-10 19:40:14]   SIGUSR1 -> pid 2497273 (stackdump_pid2497273.txt)
[2026-09-10 19:40:14]   SIGUSR1 -> pid 2497419 (stackdump_pid2497419.txt)
[2026-09-10 19:40:14]   SIGUSR1 -> pid 2497698 (stackdump_pid2497698.txt)
[2026-09-10 19:40:14]   SIGUSR1 -> pid 2497914 (stackdump_pid2497914.txt)
[2026-09-10 19:40:14]   SIGUSR1 -> pid 2498118 (stackdump_pid2498118.txt)
[2026-09-10 19:40:14]   SIGUSR1 -> pid 2498403 (stackdump_pid2498403.txt)
[2026-09-10 19:40:14]   SIGUSR1 -> pid 2498612 (stackdump_pid2498612.txt)
[2026-09-10 19:40:14]   SIGUSR1 -> pid 2498763 (stackdump_pid2498763.txt)
[2026-09-10 19:40:14]   SIGUSR1 -> pid 2499131 (stackdump_pid2499131.txt)
[2026-09-10 19:40:14]   SIGUSR1 -> pid 2499343 (stackdump_pid2499343.txt)
[2026-09-10 19:40:14]   SIGUSR1 -> pid 2499344 (stackdump_pid2499344.txt)
[2026-09-10 19:40:14]   SIGUSR1 -> pid 2499345 (stackdump_pid2499345.txt)
[2026-09-10 19:40:14]   SIGUSR1 -> pid 2499671 (stackdump_pid2499671.txt)
[2026-09-10 19:40:14]   SIGUSR1 -> pid 2499672 (stackdump_pid2499672.txt)
[2026-09-10 19:40:14]   SIGUSR1 -> pid 2499801 (stackdump_pid2499801.txt)
[2026-09-10 19:40:14]   SIGUSR1 -> pid 2500249 (stackdump_pid2500249.txt)
[2026-09-10 19:40:14]   SIGUSR1 -> pid 2500251 (stackdump_pid2500251.txt)
[2026-09-10 19:40:14]   SIGUSR1 -> pid 2500414 (stackdump_pid2500414.txt)
[2026-09-10 19:40:14]   SIGUSR1 -> pid 2502448 (stackdump_pid2502448.txt)
[2026-09-10 19:40:14]   SIGUSR1 -> pid 2502472 (stackdump_pid2502472.txt)
[2026-09-10 19:40:14]   SIGUSR1 -> pid 2502473 (stackdump_pid2502473.txt)
[2026-09-10 19:40:14]   SIGUSR1 -> pid 2502474 (stackdump_pid2502474.txt)
[2026-09-10 19:40:14]   SIGUSR1 -> pid 2502481 (stackdump_pid2502481.txt)
[2026-09-10 19:40:14]   SIGUSR1 -> pid 2502482 (stackdump_pid2502482.txt)
[2026-09-10 19:40:14]   SIGUSR1 -> pid 2502483 (stackdump_pid2502483.txt)
[2026-09-10 19:40:14]   SIGUSR1 -> pid 2502484 (stackdump_pid2502484.txt)
[2026-09-10 19:40:14]   SIGUSR1 -> pid 2502485 (stackdump_pid2502485.txt)
[2026-09-10 19:40:14]   SIGUSR1 -> pid 2502486 (stackdump_pid2502486.txt)
[2026-09-10 19:40:14]   SIGUSR1 -> pid 2502487 (stackdump_pid2502487.txt)
[2026-09-10 19:40:14]   SIGUSR1 -> pid 2502488 (stackdump_pid2502488.txt)
[2026-09-10 19:40:14]   SIGUSR1 -> pid 2502966 (stackdump_pid2502966.txt)
[2026-09-10 19:40:14]   SIGUSR1 -> pid 2503038 (stackdump_pid2503038.txt)
[2026-09-10 19:40:14]   SIGUSR1 -> pid 2503040 (stackdump_pid2503040.txt)
[2026-09-10 19:40:14]   SIGUSR1 -> pid 2503042 (stackdump_pid2503042.txt)
[2026-09-10 19:40:14]   SIGUSR1 -> pid 2503044 (stackdump_pid2503044.txt)
[2026-09-10 19:40:14]   SIGUSR1 -> pid 2503046 (stackdump_pid2503046.txt)
[2026-09-10 19:40:14]   SIGUSR1 -> pid 2503048 (stackdump_pid2503048.txt)
[2026-09-10 19:40:14]   SIGUSR1 -> pid 2503050 (stackdump_pid2503050.txt)
[2026-09-10 19:40:14]   SIGUSR1 -> pid 2503052 (stackdump_pid2503052.txt)
[2026-09-10 19:40:14]   SIGUSR1 -> pid 2503054 (stackdump_pid2503054.txt)
[2026-09-10 19:40:14]   SIGUSR1 -> pid 2503056 (stackdump_pid2503056.txt)
[2026-09-10 19:40:14]   SIGUSR1 -> pid 2503256 (stackdump_pid2503256.txt)
[2026-09-10 19:40:14]   SIGUSR1 -> pid 2503901 (stackdump_pid2503901.txt)
[2026-09-10 19:40:14]   SIGUSR1 -> pid 2504241 (stackdump_pid2504241.txt)
[2026-09-10 19:40:14]   SIGUSR1 -> pid 2504330 (stackdump_pid2504330.txt)
[2026-09-10 19:40:14]   SIGUSR1 -> pid 2504333 (stackdump_pid2504333.txt)
[2026-09-10 19:40:14]   SIGUSR1 -> pid 2504398 (stackdump_pid2504398.txt)
[2026-09-10 19:40:14]   SIGUSR1 -> pid 2505990 (stackdump_pid2505990.txt)
[2026-09-10 19:40:14]   SIGUSR1 -> pid 2506547 (stackdump_pid2506547.txt)
[2026-09-10 19:40:14]   GPU snapshot: 0, 0 %, 54330 MiB
1, 0 %, 53862 MiB
2, 0 %, 54150 MiB
3, 0 %, 54110 MiB
[2026-09-10 19:40:14]   ps snapshot -> /data01/wyy/Graph-Agent-Planning/E1-0/runs/20260910_step60to70_e10/logs/stackdumps/ps_at_stall_2.txt
[2026-09-10 19:41:14] STALL #3: log quiet 612s (threshold 480s), phase=pre; signalling 82 pids with SIGUSR1
[2026-09-10 19:41:14]   SIGUSR1 -> pid 2490007 (stackdump_pid2490007.txt)
[2026-09-10 19:41:14]   SIGUSR1 -> pid 2490008 (stackdump_pid2490008.txt)
[2026-09-10 19:41:14]   SIGUSR1 -> pid 2490415 (stackdump_pid2490415.txt)
[2026-09-10 19:41:14]   SIGUSR1 -> pid 2490423 (stackdump_pid2490423.txt)
[2026-09-10 19:41:14]   SIGUSR1 -> pid 2490693 (stackdump_pid2490693.txt)
[2026-09-10 19:41:14]   SIGUSR1 -> pid 2490733 (stackdump_pid2490733.txt)
[2026-09-10 19:41:14]   SIGUSR1 -> pid 2490737 (stackdump_pid2490737.txt)
[2026-09-10 19:41:14]   SIGUSR1 -> pid 2490777 (stackdump_pid2490777.txt)
[2026-09-10 19:41:14]   SIGUSR1 -> pid 2490778 (stackdump_pid2490778.txt)
[2026-09-10 19:41:14]   SIGUSR1 -> pid 2490779 (stackdump_pid2490779.txt)
[2026-09-10 19:41:14]   SIGUSR1 -> pid 2490780 (stackdump_pid2490780.txt)
[2026-09-10 19:41:14]   SIGUSR1 -> pid 2490781 (stackdump_pid2490781.txt)
[2026-09-10 19:41:14]   SIGUSR1 -> pid 2490783 (stackdump_pid2490783.txt)
[2026-09-10 19:41:14]   SIGUSR1 -> pid 2490784 (stackdump_pid2490784.txt)
[2026-09-10 19:41:14]   SIGUSR1 -> pid 2490785 (stackdump_pid2490785.txt)
[2026-09-10 19:41:14]   SIGUSR1 -> pid 2490788 (stackdump_pid2490788.txt)
[2026-09-10 19:41:14]   SIGUSR1 -> pid 2490789 (stackdump_pid2490789.txt)
[2026-09-10 19:41:14]   SIGUSR1 -> pid 2492254 (stackdump_pid2492254.txt)
[2026-09-10 19:41:14]   SIGUSR1 -> pid 2492323 (stackdump_pid2492323.txt)
[2026-09-10 19:41:14]   SIGUSR1 -> pid 2492421 (stackdump_pid2492421.txt)
[2026-09-10 19:41:14]   SIGUSR1 -> pid 2492445 (stackdump_pid2492445.txt)
[2026-09-10 19:41:14]   SIGUSR1 -> pid 2492672 (stackdump_pid2492672.txt)
[2026-09-10 19:41:14]   SIGUSR1 -> pid 2492678 (stackdump_pid2492678.txt)
[2026-09-10 19:41:14]   SIGUSR1 -> pid 2492688 (stackdump_pid2492688.txt)
[2026-09-10 19:41:14]   SIGUSR1 -> pid 2492690 (stackdump_pid2492690.txt)
[2026-09-10 19:41:14]   SIGUSR1 -> pid 2492819 (stackdump_pid2492819.txt)
[2026-09-10 19:41:14]   SIGUSR1 -> pid 2492821 (stackdump_pid2492821.txt)
[2026-09-10 19:41:14]   SIGUSR1 -> pid 2492895 (stackdump_pid2492895.txt)
[2026-09-10 19:41:14]   SIGUSR1 -> pid 2492964 (stackdump_pid2492964.txt)
[2026-09-10 19:41:14]   SIGUSR1 -> pid 2493252 (stackdump_pid2493252.txt)
[2026-09-10 19:41:14]   SIGUSR1 -> pid 2494707 (stackdump_pid2494707.txt)
[2026-09-10 19:41:14]   SIGUSR1 -> pid 2495678 (stackdump_pid2495678.txt)
[2026-09-10 19:41:14]   SIGUSR1 -> pid 2496821 (stackdump_pid2496821.txt)
[2026-09-10 19:41:14]   SIGUSR1 -> pid 2497273 (stackdump_pid2497273.txt)
[2026-09-10 19:41:14]   SIGUSR1 -> pid 2497419 (stackdump_pid2497419.txt)
[2026-09-10 19:41:14]   SIGUSR1 -> pid 2497698 (stackdump_pid2497698.txt)
[2026-09-10 19:41:14]   SIGUSR1 -> pid 2497914 (stackdump_pid2497914.txt)
[2026-09-10 19:41:14]   SIGUSR1 -> pid 2498118 (stackdump_pid2498118.txt)
[2026-09-10 19:41:14]   SIGUSR1 -> pid 2498403 (stackdump_pid2498403.txt)
[2026-09-10 19:41:14]   SIGUSR1 -> pid 2498612 (stackdump_pid2498612.txt)
[2026-09-10 19:41:14]   SIGUSR1 -> pid 2498763 (stackdump_pid2498763.txt)
[2026-09-10 19:41:14]   SIGUSR1 -> pid 2499131 (stackdump_pid2499131.txt)
[2026-09-10 19:41:14]   SIGUSR1 -> pid 2499343 (stackdump_pid2499343.txt)
[2026-09-10 19:41:14]   SIGUSR1 -> pid 2499344 (stackdump_pid2499344.txt)
[2026-09-10 19:41:14]   SIGUSR1 -> pid 2499345 (stackdump_pid2499345.txt)
[2026-09-10 19:41:14]   SIGUSR1 -> pid 2499671 (stackdump_pid2499671.txt)
[2026-09-10 19:41:14]   SIGUSR1 -> pid 2499672 (stackdump_pid2499672.txt)
[2026-09-10 19:41:14]   SIGUSR1 -> pid 2499801 (stackdump_pid2499801.txt)
[2026-09-10 19:41:14]   SIGUSR1 -> pid 2500249 (stackdump_pid2500249.txt)
[2026-09-10 19:41:14]   SIGUSR1 -> pid 2500251 (stackdump_pid2500251.txt)
[2026-09-10 19:41:14]   SIGUSR1 -> pid 2500414 (stackdump_pid2500414.txt)
[2026-09-10 19:41:14]   SIGUSR1 -> pid 2502448 (stackdump_pid2502448.txt)
[2026-09-10 19:41:14]   SIGUSR1 -> pid 2502472 (stackdump_pid2502472.txt)
[2026-09-10 19:41:14]   SIGUSR1 -> pid 2502473 (stackdump_pid2502473.txt)
[2026-09-10 19:41:14]   SIGUSR1 -> pid 2502474 (stackdump_pid2502474.txt)
[2026-09-10 19:41:14]   SIGUSR1 -> pid 2502481 (stackdump_pid2502481.txt)
[2026-09-10 19:41:14]   SIGUSR1 -> pid 2502482 (stackdump_pid2502482.txt)
[2026-09-10 19:41:14]   SIGUSR1 -> pid 2502483 (stackdump_pid2502483.txt)
[2026-09-10 19:41:14]   SIGUSR1 -> pid 2502484 (stackdump_pid2502484.txt)
[2026-09-10 19:41:14]   SIGUSR1 -> pid 2502485 (stackdump_pid2502485.txt)
[2026-09-10 19:41:14]   SIGUSR1 -> pid 2502486 (stackdump_pid2502486.txt)
[2026-09-10 19:41:14]   SIGUSR1 -> pid 2502487 (stackdump_pid2502487.txt)
[2026-09-10 19:41:14]   SIGUSR1 -> pid 2502488 (stackdump_pid2502488.txt)
[2026-09-10 19:41:14]   SIGUSR1 -> pid 2502966 (stackdump_pid2502966.txt)
[2026-09-10 19:41:14]   SIGUSR1 -> pid 2503038 (stackdump_pid2503038.txt)
[2026-09-10 19:41:14]   SIGUSR1 -> pid 2503040 (stackdump_pid2503040.txt)
[2026-09-10 19:41:14]   SIGUSR1 -> pid 2503042 (stackdump_pid2503042.txt)
[2026-09-10 19:41:14]   SIGUSR1 -> pid 2503044 (stackdump_pid2503044.txt)
[2026-09-10 19:41:14]   SIGUSR1 -> pid 2503046 (stackdump_pid2503046.txt)
[2026-09-10 19:41:14]   SIGUSR1 -> pid 2503048 (stackdump_pid2503048.txt)
[2026-09-10 19:41:14]   SIGUSR1 -> pid 2503050 (stackdump_pid2503050.txt)
[2026-09-10 19:41:14]   SIGUSR1 -> pid 2503052 (stackdump_pid2503052.txt)
[2026-09-10 19:41:14]   SIGUSR1 -> pid 2503054 (stackdump_pid2503054.txt)
[2026-09-10 19:41:14]   SIGUSR1 -> pid 2503056 (stackdump_pid2503056.txt)
[2026-09-10 19:41:14]   SIGUSR1 -> pid 2503256 (stackdump_pid2503256.txt)
[2026-09-10 19:41:14]   SIGUSR1 -> pid 2503901 (stackdump_pid2503901.txt)
[2026-09-10 19:41:14]   SIGUSR1 -> pid 2504241 (stackdump_pid2504241.txt)
[2026-09-10 19:41:14]   SIGUSR1 -> pid 2504330 (stackdump_pid2504330.txt)
[2026-09-10 19:41:14]   SIGUSR1 -> pid 2504333 (stackdump_pid2504333.txt)
[2026-09-10 19:41:14]   SIGUSR1 -> pid 2504398 (stackdump_pid2504398.txt)
[2026-09-10 19:41:14]   SIGUSR1 -> pid 2505990 (stackdump_pid2505990.txt)
[2026-09-10 19:41:14]   SIGUSR1 -> pid 2506547 (stackdump_pid2506547.txt)
[2026-09-10 19:41:14]   GPU snapshot: 0, 0 %, 54330 MiB
1, 0 %, 53862 MiB
2, 0 %, 54150 MiB
3, 0 %, 54110 MiB
[2026-09-10 19:41:14]   ps snapshot -> /data01/wyy/Graph-Agent-Planning/E1-0/runs/20260910_step60to70_e10/logs/stackdumps/ps_at_stall_3.txt
[2026-09-10 19:42:14] watchdog: quiet 673s but max_captures=3 reached; exiting
