=== E1-E disk cleanup 2026-09-14T02:35:24+08:00 ===
reason: E1-E needs ~229 GB for its own step70..step120 checkpoints; only 233 GB free before cleanup.
protected (NOT touched): original GAP step60/120(/180/200), base SFT model, E1-0/E1-A step70 comparison checkpoints, E1-B step120, E1-D step70/step120, all code/parquet/eval-results/reports/logs.

path=experiments/DAPO-GAP3B-MHQA-Agent-E1B-step70to120-4gpu/global_step_80
  size_bytes=45103148956  mtime=2026-09-11 14:04:59.680784881 +0800  experiment=E1-B step70to120  step=80
  why_safe: E1-B final step120 complete and untouched; this intermediate is not used for resume (run finished); its evaluation (E1-B/evaluations/step80_*) and statistics (E1-B/checkpoints/checkpoint_stats.*) are already saved; FINAL_REPORT comparisons already computed; not the current run.
  deleted=2026-09-14T02:35:24+08:00 exists_after=no

path=experiments/DAPO-GAP3B-MHQA-Agent-E1B-step70to120-4gpu/global_step_90
  size_bytes=45103149028  mtime=2026-09-11 16:17:50.456858903 +0800  experiment=E1-B step70to120  step=90
  why_safe: E1-B final step120 complete and untouched; this intermediate is not used for resume (run finished); its evaluation (E1-B/evaluations/step90_*) and statistics (E1-B/checkpoints/checkpoint_stats.*) are already saved; FINAL_REPORT comparisons already computed; not the current run.
  deleted=2026-09-14T02:35:24+08:00 exists_after=no

path=experiments/DAPO-GAP3B-MHQA-Agent-E1B-step70to120-4gpu/global_step_100
  size_bytes=45103149076  mtime=2026-09-11 18:34:14.936606392 +0800  experiment=E1-B step70to120  step=100
  why_safe: E1-B final step120 complete and untouched; this intermediate is not used for resume (run finished); its evaluation (E1-B/evaluations/step100_*) and statistics (E1-B/checkpoints/checkpoint_stats.*) are already saved; FINAL_REPORT comparisons already computed; not the current run.
  deleted=2026-09-14T02:35:24+08:00 exists_after=no

path=experiments/DAPO-GAP3B-MHQA-Agent-E1B-step70to120-4gpu/global_step_110
  size_bytes=45103149028  mtime=2026-09-11 21:09:27.643454801 +0800  experiment=E1-B step70to120  step=110
  why_safe: E1-B final step120 complete and untouched; this intermediate is not used for resume (run finished); its evaluation (E1-B/evaluations/step110_*) and statistics (E1-B/checkpoints/checkpoint_stats.*) are already saved; FINAL_REPORT comparisons already computed; not the current run.
  deleted=2026-09-14T02:35:24+08:00 exists_after=no

freed:  401G
df after:
/dev/sdc        1.8T  1.3T  401G  77% /data01
E1-B step120 still present: yes
===== E1-E disk guard 2026-09-14T09:36:45+08:00 =====
free_before=401 GB  need=250 GB
free_before=401 GB need=250 GB
===== E1-E disk guard 2026-09-14T16:55:44+08:00 =====
free_before=358 GB  need=250 GB
free_before=358 GB need=250 GB
