E1-B sitecustomize: failed to import e1b_reward_manager: No module named 'verl.workers'
Error in sitecustomize; set PYTHONVERBOSE for traceback:
ModuleNotFoundError: No module named 'verl.workers'
[monitor] cycle=1 step=None steps_agg=0 alerts=0
[monitor] cycle=2 step=None steps_agg=0 alerts=0
[monitor] cycle=3 step=None steps_agg=0 alerts=0
[monitor] cycle=4 step=None steps_agg=0 alerts=0
[monitor] cycle=5 step=None steps_agg=1 alerts=0
[monitor] cycle=6 step=71 steps_agg=2 alerts=0
[monitor] cycle=7 step=71 steps_agg=2 alerts=0
[monitor] cycle=8 step=71 steps_agg=2 alerts=0
[monitor] cycle=9 step=72 steps_agg=2 alerts=0
[monitor] cycle=10 step=72 steps_agg=3 alerts=1
[monitor] cycle=11 step=72 steps_agg=3 alerts=1
[monitor] cycle=12 step=73 steps_agg=4 alerts=0
[monitor] cycle=13 step=73 steps_agg=4 alerts=0
[monitor] cycle=14 step=74 steps_agg=5 alerts=0
[monitor] cycle=15 step=74 steps_agg=5 alerts=1
[monitor] cycle=16 step=75 steps_agg=6 alerts=0
[monitor] cycle=17 step=75 steps_agg=6 alerts=0
[monitor] cycle=18 step=76 steps_agg=7 alerts=0
[monitor] cycle=19 step=76 steps_agg=7 alerts=0
[monitor] cycle=20 step=77 steps_agg=8 alerts=0
[monitor] cycle=21 step=77 steps_agg=8 alerts=0
[monitor] cycle=22 step=77 steps_agg=8 alerts=0
[monitor] cycle=23 step=77 steps_agg=8 alerts=1
[monitor] cycle=24 step=78 steps_agg=9 alerts=1
[monitor] cycle=25 step=78 steps_agg=9 alerts=0
[monitor] cycle=26 step=79 steps_agg=10 alerts=0
[monitor] cycle=27 step=79 steps_agg=10 alerts=0
[monitor] cycle=28 step=79 steps_agg=10 alerts=1
[monitor] cycle=29 step=79 steps_agg=10 alerts=0
[monitor] cycle=30 step=79 steps_agg=10 alerts=0
[monitor] cycle=31 step=79 steps_agg=10 alerts=0
[monitor] cycle=32 step=80 steps_agg=11 alerts=1
[monitor] cycle=33 step=81 steps_agg=11 alerts=1
[monitor] cycle=34 step=81 steps_agg=12 alerts=0
[monitor] cycle=35 step=82 steps_agg=13 alerts=0
[monitor] cycle=36 step=82 steps_agg=13 alerts=0
[monitor] cycle=37 step=82 steps_agg=13 alerts=0
[monitor] cycle=38 step=83 steps_agg=13 alerts=1
[monitor] cycle=39 step=83 steps_agg=14 alerts=0
[monitor] cycle=40 step=83 steps_agg=14 alerts=0
[monitor] cycle=41 step=84 steps_agg=14 alerts=0
[monitor] cycle=42 step=84 steps_agg=15 alerts=0
[monitor] cycle=43 step=85 steps_agg=16 alerts=0
[monitor] cycle=44 step=85 steps_agg=16 alerts=0
[monitor] cycle=45 step=86 steps_agg=16 alerts=0
[monitor] cycle=46 step=86 steps_agg=17 alerts=1
[monitor] cycle=47 step=86 steps_agg=17 alerts=1
[monitor] cycle=48 step=87 steps_agg=18 alerts=1
[monitor] cycle=49 step=87 steps_agg=18 alerts=1
[monitor] cycle=50 step=87 steps_agg=18 alerts=1
[monitor] cycle=51 step=88 steps_agg=19 alerts=1
[monitor] cycle=52 step=88 steps_agg=19 alerts=0
[monitor] cycle=53 step=89 steps_agg=19 alerts=0
[monitor] cycle=54 step=89 steps_agg=20 alerts=0
[monitor] cycle=55 step=89 steps_agg=20 alerts=0
[monitor] cycle=56 step=89 steps_agg=20 alerts=1
[monitor] cycle=57 step=89 steps_agg=20 alerts=1
[monitor] cycle=58 step=90 steps_agg=21 alerts=1
[monitor] cycle=59 step=90 steps_agg=21 alerts=1
[monitor] cycle=60 step=91 steps_agg=21 alerts=1
[monitor] cycle=61 step=91 steps_agg=22 alerts=1
[monitor] cycle=62 step=91 steps_agg=22 alerts=1
[monitor] cycle=63 step=92 steps_agg=23 alerts=0
[monitor] cycle=64 step=92 steps_agg=23 alerts=0
[monitor] cycle=65 step=93 steps_agg=24 alerts=0
[monitor] cycle=66 step=93 steps_agg=24 alerts=0
[monitor] cycle=67 step=93 steps_agg=24 alerts=0
[monitor] cycle=68 step=94 steps_agg=25 alerts=0
[monitor] cycle=69 step=94 steps_agg=25 alerts=0
[monitor] cycle=70 step=95 steps_agg=26 alerts=0
[monitor] cycle=71 step=95 steps_agg=26 alerts=0
[monitor] cycle=72 step=96 steps_agg=27 alerts=2
[monitor] cycle=73 step=96 steps_agg=27 alerts=0
[monitor] cycle=74 step=97 steps_agg=27 alerts=0
[monitor] cycle=75 step=97 steps_agg=28 alerts=1
[monitor] cycle=76 step=97 steps_agg=28 alerts=0
[monitor] cycle=77 step=98 steps_agg=29 alerts=1
[monitor] cycle=78 step=98 steps_agg=29 alerts=0
[monitor] cycle=79 step=98 steps_agg=29 alerts=0
[monitor] cycle=80 step=99 steps_agg=30 alerts=0
[monitor] cycle=81 step=99 steps_agg=30 alerts=0
[monitor] cycle=82 step=99 steps_agg=30 alerts=0
[monitor] cycle=83 step=99 steps_agg=30 alerts=0
[monitor] cycle=84 step=99 steps_agg=30 alerts=0
[monitor] cycle=85 step=100 steps_agg=30 alerts=0
[monitor] cycle=86 step=100 steps_agg=31 alerts=0
[monitor] cycle=87 step=100 steps_agg=31 alerts=0
[monitor] cycle=88 step=101 steps_agg=32 alerts=1
[monitor] cycle=89 step=101 steps_agg=32 alerts=0
[monitor] cycle=90 step=102 steps_agg=32 alerts=0
[monitor] cycle=91 step=102 steps_agg=33 alerts=0
[monitor] cycle=92 step=102 steps_agg=33 alerts=0
[monitor] cycle=93 step=103 steps_agg=34 alerts=0
[monitor] cycle=94 step=103 steps_agg=34 alerts=0
[monitor] cycle=95 step=103 steps_agg=34 alerts=0
[monitor] cycle=96 step=104 steps_agg=35 alerts=1
[monitor] cycle=97 step=104 steps_agg=35 alerts=0
[monitor] cycle=98 step=104 steps_agg=35 alerts=0
[monitor] cycle=99 step=105 steps_agg=36 alerts=1
[monitor] cycle=100 step=105 steps_agg=36 alerts=2
[monitor] cycle=101 step=105 steps_agg=36 alerts=1
[monitor] cycle=102 step=106 steps_agg=37 alerts=1
[monitor] cycle=103 step=106 steps_agg=37 alerts=0
[monitor] cycle=104 step=107 steps_agg=38 alerts=2
[monitor] cycle=105 step=107 steps_agg=38 alerts=0
[monitor] cycle=106 step=107 steps_agg=38 alerts=0
[monitor] cycle=107 step=107 steps_agg=38 alerts=0
[monitor] cycle=108 step=108 steps_agg=39 alerts=0
[monitor] cycle=109 step=108 steps_agg=39 alerts=1
[monitor] cycle=110 step=109 steps_agg=40 alerts=1
[monitor] cycle=111 step=109 steps_agg=40 alerts=1
[monitor] cycle=112 step=109 steps_agg=40 alerts=1
[monitor] cycle=113 step=109 steps_agg=40 alerts=0
[monitor] cycle=114 step=109 steps_agg=40 alerts=0
[monitor] cycle=115 step=109 steps_agg=40 alerts=0
[monitor] cycle=116 step=110 steps_agg=41 alerts=0
[monitor] cycle=117 step=110 steps_agg=41 alerts=0
[monitor] cycle=118 step=110 steps_agg=41 alerts=0
[monitor] cycle=119 step=111 steps_agg=42 alerts=0
[monitor] cycle=120 step=111 steps_agg=42 alerts=1
[monitor] cycle=121 step=111 steps_agg=42 alerts=1
[monitor] cycle=122 step=112 steps_agg=43 alerts=1
[monitor] cycle=123 step=112 steps_agg=43 alerts=0
[monitor] cycle=124 step=113 steps_agg=43 alerts=1
[monitor] cycle=125 step=113 steps_agg=44 alerts=0
[monitor] cycle=126 step=113 steps_agg=44 alerts=0
[monitor] cycle=127 step=114 steps_agg=44 alerts=1
[monitor] cycle=128 step=114 steps_agg=45 alerts=1
[monitor] cycle=129 step=114 steps_agg=45 alerts=0
[monitor] cycle=130 step=114 steps_agg=45 alerts=0
[monitor] cycle=131 step=115 steps_agg=46 alerts=0
[monitor] cycle=132 step=115 steps_agg=46 alerts=0
[monitor] cycle=133 step=115 steps_agg=46 alerts=1
[monitor] cycle=134 step=116 steps_agg=47 alerts=0
[monitor] cycle=135 step=116 steps_agg=47 alerts=0
[monitor] cycle=136 step=117 steps_agg=47 alerts=0
[monitor] cycle=137 step=117 steps_agg=48 alerts=0
[monitor] cycle=138 step=117 steps_agg=48 alerts=1
[monitor] cycle=139 step=118 steps_agg=48 alerts=1
[monitor] cycle=140 step=118 steps_agg=49 alerts=0
[monitor] cycle=141 step=118 steps_agg=49 alerts=0
[monitor] cycle=142 step=118 steps_agg=49 alerts=1
[monitor] cycle=143 step=119 steps_agg=50 alerts=0
[monitor] cycle=144 step=119 steps_agg=50 alerts=0
[monitor] cycle=145 step=119 steps_agg=50 alerts=0
[monitor] cycle=146 step=119 steps_agg=50 alerts=0
[monitor] cycle=147 step=119 steps_agg=50 alerts=0
